// Jest Snapshot v1, https://goo.gl/fbAQLP

exports[`should render ExpenseList with expenses 1`] = `
<div>
  <h1>
    ExpenseList
  </h1>
  <ExpenseListItem
    amount={100}
    createAt={0}
    description="Gum"
    id="1"
    key="1"
    note=""
  />
  <ExpenseListItem
    amount={200}
    createAt={-345600000}
    description="Rent"
    id="2"
    key="2"
    note=""
  />
  <ExpenseListItem
    amount={300}
    createAt={345600000}
    description="Credit card"
    id="3"
    key="3"
    note=""
  />
</div>
`;

exports[`should render No expenses with no expenses 1`] = `
<div>
  <h1>
    ExpenseList
  </h1>
  <p>
    No expenses
  </p>
</div>
`;
